downloaded 78 of 114
KV01	True	https://kenney.nl/media/pages/assets/particle-pack/d50c7fc9b6-1677578655/preview.png
KV02	True	https://kenney.nl/media/pages/assets/splat-pack/91cb9b703e-1677495346/preview.png
KV03	True	https://kenney.nl/media/pages/assets/foliage-sprites/634189118b-1677495976/sample.png
KV04	True	https://kenney.nl/media/pages/assets/smoke-particles/1b6cb144a9-1677695166/sample.png
KV05	True	https://kenney.nl/media/pages/assets/light-masks/718ab296a1-1775631590/preview.png
KX01	True	https://kenney.nl/media/pages/assets/animated-characters-protagonists/98921ae406-1674931821/preview.png
KX02	True	https://kenney.nl/media/pages/assets/animated-characters-retro/a25bc0a3d2-1670690130/preview.png
KX03	True	https://kenney.nl/media/pages/assets/animated-characters-survivors/de34934a09-1674931680/preview.png
KX04	True	https://kenney.nl/media/pages/assets/blocky-characters/4ace046751-1749547441/preview.png
KX05	True	https://kenney.nl/media/pages/assets/city-kit-suburban/8c3d4e93a3-1745479402/sample.png
KX06	True	https://kenney.nl/media/pages/assets/food-kit/7a37477a9c-1719418523/preview.png
KX07	True	https://kenney.nl/media/pages/assets/furniture-kit/4573c6a40b-1677580842/sample.png
KX08	True	https://kenney.nl/media/pages/assets/mini-market/0d36e77964-1729865129/sample.png
KX09	True	https://kenney.nl/media/pages/assets/nature-kit/656a90532f-1677698896/sample.png
KX10	True	https://kenney.nl/media/pages/assets/space-kit/28e67de6d9-1677698968/sample.png
KX11	True	https://kenney.nl/media/pages/assets/space-station-kit/a795b59757-1712749915/sample.png
KX12	True	https://kenney.nl/media/pages/assets/toy-car-kit/17be15ec2b-1736346119/preview.png
KX13	True	https://kenney.nl/media/pages/assets/train-kit/625675b011-1722429699/preview.png
KX14	True	https://kenney.nl/media/pages/assets/watercraft-kit/0a7953e9b7-1713354133/preview.png
KX15	True	https://kenney.nl/media/pages/assets/blaster-kit/7f0e90a313-1753959516/preview.png
KX16	True	https://kenney.nl/media/pages/assets/brick-kit/9127eb4267-1716980998/sample.png
KX17	True	https://kenney.nl/media/pages/assets/board-game-icons/d5c5bd2f28-1674933139/preview.png
KX18	True	https://kenney.nl/media/pages/assets/cartography-pack/84fb590466-1677578188/sample.png
KX19	True	https://kenney.nl/media/pages/assets/cursor-pack/20a4fec3b6-1717599288/preview.png
KX20	True	https://kenney.nl/media/pages/assets/cursor-pixel-pack/c79ea7ecd0-1720601327/preview.png
KX21	True	https://kenney.nl/media/pages/assets/fantasy-ui-borders/ac36214d33-1701602364/sample.png
KX22	True	https://kenney.nl/media/pages/assets/monster-builder-pack/82ac296d53-1677495442/sample.png
KX23	True	https://kenney.nl/media/pages/assets/pico-8-city/5b5e43e086-1693576588/sample.png
KX24	True	https://kenney.nl/media/pages/assets/pixel-platformer-farm-expansion/774e7e43c1-1668789788/sample.png
KX25	True	https://kenney.nl/media/pages/assets/pixel-vehicle-pack/f3918c8717-1677578606/preview.png
KX26	True	https://kenney.nl/media/pages/assets/playing-cards-pack/449d7612dc-1677495902/preview-a.png
KX27	True	https://kenney.nl/media/pages/assets/shape-characters/f7aa93d6d0-1698339460/sample.png
KX28	True	https://kenney.nl/media/pages/assets/simple-space/489b432d65-1677578140/sample.png
KX29	True	https://kenney.nl/media/pages/assets/sketch-town/98a86a4e69-1677484087/sample.png
KX30	True	https://kenney.nl/media/pages/assets/sketch-town-expansion/5d5ae567f7-1677484177/sample.png
KX31	True	https://kenney.nl/media/pages/assets/tiny-farm/6a39809886-1782913585/sample.png
KX32	True	https://kenney.nl/media/pages/assets/toon-characters/90a61601f7-1677693113/preview.png
KX33	True	https://kenney.nl/media/pages/assets/development-essentials/87174ad548-1767593444/preview.png
KX34	True	https://kenney.nl/media/pages/assets/pattern-pack/3b80483303-1677484337/preview.png
KX35	True	https://kenney.nl/media/pages/assets/pattern-pack-lines/aa8b7823ef-1677484383/preview.png
KX36	True	https://kenney.nl/media/pages/assets/pattern-pack-pixel/481a61c702-1721639978/preview.png
PX01	True	https://cdn.polyhaven.com/asset_img/thumbs/rostock_arches.png?width=256&height=256
PX02	True	https://cdn.polyhaven.com/asset_img/thumbs/vignaioli_night.png?width=256&height=256
PX03	True	https://cdn.polyhaven.com/asset_img/thumbs/urban_courtyard_02.png?width=256&height=256
PX04	True	https://cdn.polyhaven.com/asset_img/thumbs/modern_evening_street.png?width=256&height=256
PX05	True	https://cdn.polyhaven.com/asset_img/thumbs/modern_buildings_night.png?width=256&height=256
PX06	True	https://cdn.polyhaven.com/asset_img/thumbs/night_bridge.png?width=256&height=256
PX07	True	https://cdn.polyhaven.com/asset_img/thumbs/castel_st_angelo_roof.png?width=256&height=256
PX08	True	https://cdn.polyhaven.com/asset_img/thumbs/tatami_mat.png?width=256&height=256
PX09	True	https://cdn.polyhaven.com/asset_img/thumbs/wood_inlaid_concrete_wall.png?width=256&height=256
PX10	True	https://cdn.polyhaven.com/asset_img/thumbs/laminate_floor_02.png?width=256&height=256
PX11	True	https://cdn.polyhaven.com/asset_img/thumbs/marble_01.png?width=256&height=256
PX12	True	https://cdn.polyhaven.com/asset_img/thumbs/floor_tiles_02.png?width=256&height=256
PX13	True	https://cdn.polyhaven.com/asset_img/thumbs/dirty_carpet.png?width=256&height=256
PX14	True	https://cdn.polyhaven.com/asset_img/thumbs/blue_floor_tiles_01.png?width=256&height=256
PX15	True	https://cdn.polyhaven.com/asset_img/thumbs/wooden_rough_planks.png?width=256&height=256
PX16	True	https://cdn.polyhaven.com/asset_img/thumbs/painted_wooden_sofa.png?width=256&height=256
PX17	True	https://cdn.polyhaven.com/asset_img/thumbs/industrial_storage_cart.png?width=256&height=256
PX18	True	https://cdn.polyhaven.com/asset_img/thumbs/CoffeeCart_01.png?width=256&height=256
PX19	True	https://cdn.polyhaven.com/asset_img/thumbs/GothicCabinet_01.png?width=256&height=256
PX20	True	https://cdn.polyhaven.com/asset_img/thumbs/WoodenTable_03.png?width=256&height=256
PX21	True	https://cdn.polyhaven.com/asset_img/thumbs/vintage_cabinet_01.png?width=256&height=256
PX22	True	https://cdn.polyhaven.com/asset_img/thumbs/vintage_day_bed.png?width=256&height=256
PX23	True	https://cdn.polyhaven.com/asset_img/thumbs/tool_cart.png?width=256&height=256
PX24	True	https://cdn.polyhaven.com/asset_img/thumbs/jacaranda_tree.png?width=256&height=256
PX25	True	https://cdn.polyhaven.com/asset_img/thumbs/sofa_02.png?width=256&height=256
PX26	True	https://cdn.polyhaven.com/asset_img/thumbs/Sofa_01.png?width=256&height=256
PX27	True	https://cdn.polyhaven.com/asset_img/thumbs/GothicCommode_01.png?width=256&height=256
PX28	True	https://cdn.polyhaven.com/asset_img/thumbs/plastic_monobloc_chair_01.png?width=256&height=256
PX29	True	https://cdn.polyhaven.com/asset_img/thumbs/street_lamp_01.png?width=256&height=256
PX30	True	https://cdn.polyhaven.com/asset_img/thumbs/wooden_picnic_table.png?width=256&height=256
PX31	True	https://cdn.polyhaven.com/asset_img/thumbs/desk_lamp_arm_01.png?width=256&height=256
PX32	True	https://cdn.polyhaven.com/asset_img/thumbs/side_table_01.png?width=256&height=256
PX33	True	https://cdn.polyhaven.com/asset_img/thumbs/ClassicNightstand_01.png?width=256&height=256
PX34	True	https://cdn.polyhaven.com/asset_img/thumbs/steel_frame_shelves_02.png?width=256&height=256
PX35	True	https://cdn.polyhaven.com/asset_img/thumbs/modern_wooden_cabinet.png?width=256&height=256
PX36	True	https://cdn.polyhaven.com/asset_img/thumbs/SchoolDesk_01.png?width=256&height=256
PX37	True	https://cdn.polyhaven.com/asset_img/thumbs/folding_wooden_stool.png?width=256&height=256
QX01	False	MissingSchema
QX02	False	MissingSchema
QX03	False	MissingSchema
QX04	False	MissingSchema
QX05	False	MissingSchema
QX06	False	MissingSchema
QX07	False	MissingSchema
QX08	False	MissingSchema
QX09	False	MissingSchema
QX10	False	MissingSchema
QX11	False	MissingSchema
QX12	False	MissingSchema
QX13	False	MissingSchema
QX14	False	MissingSchema
QX15	False	MissingSchema
QX16	False	MissingSchema
QX17	False	MissingSchema
QX18	False	MissingSchema
QX19	False	MissingSchema
QX20	False	MissingSchema
QX21	False	MissingSchema
QX22	False	MissingSchema
QX23	False	MissingSchema
QX24	False	MissingSchema
QX25	False	MissingSchema
QX26	False	MissingSchema
QX27	False	MissingSchema
QX28	False	MissingSchema
QX29	False	ReadTimeout
QX30	False	MissingSchema
QX31	False	MissingSchema
QX32	False	MissingSchema
QX33	False	MissingSchema
QX34	False	MissingSchema
QX35	False	MissingSchema
QX36	False	MissingSchema
