downloaded 27 of 36
QX01	True	https://quaternius.com/assets/images/fullres/animatedwomen.jpg
QX02	False	ReadTimeout
QX03	True	https://quaternius.com/assets/images/fullres/animatedknight.jpg
QX04	False	ReadTimeout
QX05	True	https://quaternius.com/assets/images/fullres/medievalvillagemegakit.jpg
QX06	True	https://quaternius.com/assets/images/fullres/scifigun.jpg
QX07	True	https://quaternius.com/assets/images/fullres/modularscifiguns.jpg
QX08	True	https://quaternius.com/assets/images/fullres/sushirestaurantkit.jpg
QX09	True	https://quaternius.com/assets/images/fullres/modularwomen.jpg
QX10	False	ReadTimeout
QX11	True	https://quaternius.com/assets/images/fullres/animatedmen.jpg
QX12	False	ReadTimeout
QX13	False	ReadTimeout
QX14	False	ReadTimeout
QX15	False	ReadTimeout
QX16	False	ReadTimeout
QX17	True	https://quaternius.com/assets/images/fullres/piratekit.jpg
QX18	True	https://quaternius.com/assets/images/fullres/rpgcharacter.jpg
QX19	True	https://quaternius.com/assets/images/fullres/scifiessentialskit.jpg
QX20	False	ReadTimeout
QX21	True	https://quaternius.com/assets/images/fullres/simplenature.jpg
QX22	True	https://quaternius.com/assets/images/fullres/stylizedtree.jpg
QX23	True	https://quaternius.com/assets/images/fullres/turrets.jpg
QX24	True	https://quaternius.com/assets/images/fullres/ultimatecrops.jpg
QX25	True	https://quaternius.com/assets/images/fullres/ultimatefantasyrts.jpg
QX26	True	https://quaternius.com/assets/images/fullres/ultimatefood.jpg
QX27	True	https://quaternius.com/assets/images/fullres/ultimatefurniture.jpg
QX28	True	https://quaternius.com/assets/images/fullres/ultimategun.jpg
QX29	True	https://quaternius.com/assets/images/fullres/ultimatehouseinterior.jpg
QX30	True	https://quaternius.com/assets/images/fullres/modularcharacters.jpg
QX31	True	https://quaternius.com/assets/images/fullres/ultimatemodularruins.jpg
QX32	True	https://quaternius.com/assets/images/fullres/ultimatemodularscifi.jpg
QX33	True	https://quaternius.com/assets/images/fullres/ultimatemonsters.jpg
QX34	True	https://quaternius.com/assets/images/fullres/ultimatenature.jpg
QX35	True	https://quaternius.com/assets/images/fullres/ultimatespacekit.jpg
QX36	True	https://quaternius.com/assets/images/fullres/ultimatestylizednature.jpg
